Archive member included to satisfy reference by file (symbol)

/Applications/STM32CubeIDE.app/Contents/Eclipse/plugins/com.st.stm32cube.ide.mcu.externaltools.gnu-tools-for-stm32.11.3.rel1.macos64_1.1.100.202310310803/tools/bin/../lib/gcc/arm-none-eabi/11.3.1/../../../../arm-none-eabi/lib/thumb/v7e-m+dp/hard/libc_nano.a(libc_a-exit.o)
                              /Applications/STM32CubeIDE.app/Contents/Eclipse/plugins/com.st.stm32cube.ide.mcu.externaltools.gnu-tools-for-stm32.11.3.rel1.macos64_1.1.100.202310310803/tools/bin/../lib/gcc/arm-none-eabi/11.3.1/../../../../arm-none-eabi/lib/thumb/v7e-m+dp/hard/crt0.o (exit)
/Applications/STM32CubeIDE.app/Contents/Eclipse/plugins/com.st.stm32cube.ide.mcu.externaltools.gnu-tools-for-stm32.11.3.rel1.macos64_1.1.100.202310310803/tools/bin/../lib/gcc/arm-none-eabi/11.3.1/../../../../arm-none-eabi/lib/thumb/v7e-m+dp/hard/libc_nano.a(libc_a-findfp.o)
                              /Applications/STM32CubeIDE.app/Contents/Eclipse/plugins/com.st.stm32cube.ide.mcu.externaltools.gnu-tools-for-stm32.11.3.rel1.macos64_1.1.100.202310310803/tools/bin/../lib/gcc/arm-none-eabi/11.3.1/../../../../arm-none-eabi/lib/thumb/v7e-m+dp/hard/libc_nano.a(libc_a-exit.o) (__stdio_exit_handler)
/Applications/STM32CubeIDE.app/Contents/Eclipse/plugins/com.st.stm32cube.ide.mcu.externaltools.gnu-tools-for-stm32.11.3.rel1.macos64_1.1.100.202310310803/tools/bin/../lib/gcc/arm-none-eabi/11.3.1/../../../../arm-none-eabi/lib/thumb/v7e-m+dp/hard/libc_nano.a(libc_a-fwalk.o)
                              /Applications/STM32CubeIDE.app/Contents/Eclipse/plugins/com.st.stm32cube.ide.mcu.externaltools.gnu-tools-for-stm32.11.3.rel1.macos64_1.1.100.202310310803/tools/bin/../lib/gcc/arm-none-eabi/11.3.1/../../../../arm-none-eabi/lib/thumb/v7e-m+dp/hard/libc_nano.a(libc_a-findfp.o) (_fwalk_sglue)
/Applications/STM32CubeIDE.app/Contents/Eclipse/plugins/com.st.stm32cube.ide.mcu.externaltools.gnu-tools-for-stm32.11.3.rel1.macos64_1.1.100.202310310803/tools/bin/../lib/gcc/arm-none-eabi/11.3.1/../../../../arm-none-eabi/lib/thumb/v7e-m+dp/hard/libc_nano.a(libc_a-memset.o)
                              /Applications/STM32CubeIDE.app/Contents/Eclipse/plugins/com.st.stm32cube.ide.mcu.externaltools.gnu-tools-for-stm32.11.3.rel1.macos64_1.1.100.202310310803/tools/bin/../lib/gcc/arm-none-eabi/11.3.1/../../../../arm-none-eabi/lib/thumb/v7e-m+dp/hard/crt0.o (memset)
/Applications/STM32CubeIDE.app/Contents/Eclipse/plugins/com.st.stm32cube.ide.mcu.externaltools.gnu-tools-for-stm32.11.3.rel1.macos64_1.1.100.202310310803/tools/bin/../lib/gcc/arm-none-eabi/11.3.1/../../../../arm-none-eabi/lib/thumb/v7e-m+dp/hard/libc_nano.a(libc_a-impure.o)
                              /Applications/STM32CubeIDE.app/Contents/Eclipse/plugins/com.st.stm32cube.ide.mcu.externaltools.gnu-tools-for-stm32.11.3.rel1.macos64_1.1.100.202310310803/tools/bin/../lib/gcc/arm-none-eabi/11.3.1/../../../../arm-none-eabi/lib/thumb/v7e-m+dp/hard/libc_nano.a(libc_a-findfp.o) (_impure_data)
/Applications/STM32CubeIDE.app/Contents/Eclipse/plugins/com.st.stm32cube.ide.mcu.externaltools.gnu-tools-for-stm32.11.3.rel1.macos64_1.1.100.202310310803/tools/bin/../lib/gcc/arm-none-eabi/11.3.1/../../../../arm-none-eabi/lib/thumb/v7e-m+dp/hard/libc_nano.a(libc_a-errno.o)
                              ./Core/Src/syscalls.o (__errno)
/Applications/STM32CubeIDE.app/Contents/Eclipse/plugins/com.st.stm32cube.ide.mcu.externaltools.gnu-tools-for-stm32.11.3.rel1.macos64_1.1.100.202310310803/tools/bin/../lib/gcc/arm-none-eabi/11.3.1/../../../../arm-none-eabi/lib/thumb/v7e-m+dp/hard/libc_nano.a(libc_a-init.o)
                              /Applications/STM32CubeIDE.app/Contents/Eclipse/plugins/com.st.stm32cube.ide.mcu.externaltools.gnu-tools-for-stm32.11.3.rel1.macos64_1.1.100.202310310803/tools/bin/../lib/gcc/arm-none-eabi/11.3.1/../../../../arm-none-eabi/lib/thumb/v7e-m+dp/hard/crt0.o (__libc_init_array)
/Applications/STM32CubeIDE.app/Contents/Eclipse/plugins/com.st.stm32cube.ide.mcu.externaltools.gnu-tools-for-stm32.11.3.rel1.macos64_1.1.100.202310310803/tools/bin/../lib/gcc/arm-none-eabi/11.3.1/../../../../arm-none-eabi/lib/thumb/v7e-m+dp/hard/libc_nano.a(libc_a-lock.o)
                              /Applications/STM32CubeIDE.app/Contents/Eclipse/plugins/com.st.stm32cube.ide.mcu.externaltools.gnu-tools-for-stm32.11.3.rel1.macos64_1.1.100.202310310803/tools/bin/../lib/gcc/arm-none-eabi/11.3.1/../../../../arm-none-eabi/lib/thumb/v7e-m+dp/hard/libc_nano.a(libc_a-findfp.o) (__retarget_lock_init_recursive)
/Applications/STM32CubeIDE.app/Contents/Eclipse/plugins/com.st.stm32cube.ide.mcu.externaltools.gnu-tools-for-stm32.11.3.rel1.macos64_1.1.100.202310310803/tools/bin/../lib/gcc/arm-none-eabi/11.3.1/../../../../arm-none-eabi/lib/thumb/v7e-m+dp/hard/libc_nano.a(libc_a-mallocr.o)
[...]
Memory Configuration

Name             Origin             Length             Attributes
RAM              0x0000000020000000 0x0000000000080000 xrw
FLASH            0x0000000008000000 0x0000000000200000 xr
*default*        0x0000000000000000 0xffffffffffffffff

Linker script and memory map

LOAD /Applications/STM32CubeIDE.app/Contents/Eclipse/plugins/com.st.stm32cube.ide.mcu.externaltools.gnu-tools-for-stm32.11.3.rel1.macos64_1.1.100.202310310803/tools/bin/../lib/gcc/arm-none-eabi/11.3.1/thumb/v7e-m+dp/hard/crti.o
LOAD /Applications/STM32CubeIDE.app/Contents/Eclipse/plugins/com.st.stm32cube.ide.mcu.externaltools.gnu-tools-for-stm32.11.3.rel1.macos64_1.1.100.202310310803/tools/bin/../lib/gcc/arm-none-eabi/11.3.1/thumb/v7e-m+dp/hard/crtbegin.o
LOAD /Applications/STM32CubeIDE.app/Contents/Eclipse/plugins/com.st.stm32cube.ide.mcu.externaltools.gnu-tools-for-stm32.11.3.rel1.macos64_1.1.100.202310310803/tools/bin/../lib/gcc/arm-none-eabi/11.3.1/../../../../arm-none-eabi/lib/thumb/v7e-m+dp/hard/crt0.o
LOAD ./Core/Src/main.o
LOAD ./Core/Src/stm32f7xx_hal_msp.o
LOAD ./Core/Src/stm32f7xx_it.o
LOAD ./Core/Src/syscalls.o
LOAD ./Core/Src/sysmem.o
LOAD ./Core/Src/system_stm32f7xx.o
LOAD ./Core/Startup/startup_stm32f767zitx.o
LOAD ./Drivers/STM32F7xx_HAL_Driver/Src/stm32f7xx_hal.o
LOAD ./Drivers/STM32F7xx_HAL_Driver/Src/stm32f7xx_hal_cortex.o
LOAD ./Drivers/STM32F7xx_HAL_Driver/Src/stm32f7xx_hal_dma.o
LOAD ./Drivers/STM32F7xx_HAL_Driver/Src/stm32f7xx_hal_dma_ex.o
LOAD ./Drivers/STM32F7xx_HAL_Driver/Src/stm32f7xx_hal_eth.o
LOAD ./Drivers/STM32F7xx_HAL_Driver/Src/stm32f7xx_hal_exti.o
LOAD ./Drivers/STM32F7xx_HAL_Driver/Src/stm32f7xx_hal_flash.o
LOAD ./Drivers/STM32F7xx_HAL_Driver/Src/stm32f7xx_hal_flash_ex.o
LOAD ./Drivers/STM32F7xx_HAL_Driver/Src/stm32f7xx_hal_gpio.o
LOAD ./Drivers/STM32F7xx_HAL_Driver/Src/stm32f7xx_hal_i2c.o
LOAD ./Drivers/STM32F7xx_HAL_Driver/Src/stm32f7xx_hal_i2c_ex.o
LOAD ./Drivers/STM32F7xx_HAL_Driver/Src/stm32f7xx_hal_pcd.o
LOAD ./Drivers/STM32F7xx_HAL_Driver/Src/stm32f7xx_hal_pcd_ex.o
LOAD ./Drivers/STM32F7xx_HAL_Driver/Src/stm32f7xx_hal_pwr.o
LOAD ./Drivers/STM32F7xx_HAL_Driver/Src/stm32f7xx_hal_pwr_ex.o
LOAD ./Drivers/STM32F7xx_HAL_Driver/Src/stm32f7xx_hal_rcc.o
LOAD ./Drivers/STM32F7xx_HAL_Driver/Src/stm32f7xx_hal_rcc_ex.o
LOAD ./Drivers/STM32F7xx_HAL_Driver/Src/stm32f7xx_hal_tim.o
LOAD ./Drivers/STM32F7xx_HAL_Driver/Src/stm32f7xx_hal_tim_ex.o
LOAD ./Drivers/STM32F7xx_HAL_Driver/Src/stm32f7xx_hal_uart.o
LOAD ./Drivers/STM32F7xx_HAL_Driver/Src/stm32f7xx_hal_uart_ex.o
LOAD ./Drivers/STM32F7xx_HAL_Driver/Src/stm32f7xx_ll_usb.o
START GROUP
LOAD /Applications/STM32CubeIDE.app/Contents/Eclipse/plugins/com.st.stm32cube.ide.mcu.externaltools.gnu-tools-for-stm32.11.3.rel1.macos64_1.1.100.202310310803/tools/bin/../lib/gcc/arm-none-eabi/11.3.1/../../../../arm-none-eabi/lib/thumb/v7e-m+dp/hard/libc_nano.a
LOAD /Applications/STM32CubeIDE.app/Contents/Eclipse/plugins/com.st.stm32cube.ide.mcu.externaltools.gnu-tools-for-stm32.11.3.rel1.macos64_1.1.100.202310310803/tools/bin/../lib/gcc/arm-none-eabi/11.3.1/../../../../arm-none-eabi/lib/thumb/v7e-m+dp/hard/libm.a
END GROUP
START GROUP
LOAD /Applications/STM32CubeIDE.app/Contents/Eclipse/plugins/com.st.stm32cube.ide.mcu.externaltools.gnu-tools-for-stm32.11.3.rel1.macos64_1.1.100.202310310803/tools/bin/../lib/gcc/arm-none-eabi/11.3.1/thumb/v7e-m+dp/hard/libgcc.a
LOAD /Applications/STM32CubeIDE.app/Contents/Eclipse/plugins/com.st.stm32cube.ide.mcu.externaltools.gnu-tools-for-stm32.11.3.rel1.macos64_1.1.100.202310310803/tools/bin/../lib/gcc/arm-none-eabi/11.3.1/../../../../arm-none-eabi/lib/thumb/v7e-m+dp/hard/libc_nano.a
END GROUP
START GROUP
LOAD /Applications/STM32CubeIDE.app/Contents/Eclipse/plugins/com.st.stm32cube.ide.mcu.externaltools.gnu-tools-for-stm32.11.3.rel1.macos64_1.1.100.202310310803/tools/bin/../lib/gcc/arm-none-eabi/11.3.1/thumb/v7e-m+dp/hard/libgcc.a
LOAD /Applications/STM32CubeIDE.app/Contents/Eclipse/plugins/com.st.stm32cube.ide.mcu.externaltools.gnu-tools-for-stm32.11.3.rel1.macos64_1.1.100.202310310803/tools/bin/../lib/gcc/arm-none-eabi/11.3.1/../../../../arm-none-eabi/lib/thumb/v7e-m+dp/hard/libc_nano.a
LOAD /Applications/STM32CubeIDE.app/Contents/Eclipse/plugins/com.st.stm32cube.ide.mcu.externaltools.gnu-tools-for-stm32.11.3.rel1.macos64_1.1.100.202310310803/tools/bin/../lib/gcc/arm-none-eabi/11.3.1/../../../../arm-none-eabi/lib/thumb/v7e-m+dp/hard/libnosys.a
END GROUP
START GROUP
LOAD /Applications/STM32CubeIDE.app/Contents/Eclipse/plugins/com.st.stm32cube.ide.mcu.externaltools.gnu-tools-for-stm32.11.3.rel1.macos64_1.1.100.202310310803/tools/bin/../lib/gcc/arm-none-eabi/11.3.1/thumb/v7e-m+dp/hard/libgcc.a
LOAD /Applications/STM32CubeIDE.app/Contents/Eclipse/plugins/com.st.stm32cube.ide.mcu.externaltools.gnu-tools-for-stm32.11.3.rel1.macos64_1.1.100.202310310803/tools/bin/../lib/gcc/arm-none-eabi/11.3.1/../../../../arm-none-eabi/lib/thumb/v7e-m+dp/hard/libc_nano.a
LOAD /Applications/STM32CubeIDE.app/Contents/Eclipse/plugins/com.st.stm32cube.ide.mcu.externaltools.gnu-tools-for-stm32.11.3.rel1.macos64_1.1.100.202310310803/tools/bin/../lib/gcc/arm-none-eabi/11.3.1/../../../../arm-none-eabi/lib/thumb/v7e-m+dp/hard/libnosys.a
END GROUP
LOAD /Applications/STM32CubeIDE.app/Contents/Eclipse/plugins/com.st.stm32cube.ide.mcu.externaltools.gnu-tools-for-stm32.11.3.rel1.macos64_1.1.100.202310310803/tools/bin/../lib/gcc/arm-none-eabi/11.3.1/thumb/v7e-m+dp/hard/crtend.o
LOAD /Applications/STM32CubeIDE.app/Contents/Eclipse/plugins/com.st.stm32cube.ide.mcu.externaltools.gnu-tools-for-stm32.11.3.rel1.macos64_1.1.100.202310310803/tools/bin/../lib/gcc/arm-none-eabi/11.3.1/thumb/v7e-m+dp/hard/crtn.o
                0x0000000020080000                _estack = (ORIGIN (RAM) + LENGTH (RAM))
                0x0000000000000200                _Min_Heap_Size = 0x200
                0x0000000000000400                _Min_Stack_Size = 0x400

.isr_vector     0x0000000008000000      0x1f8
                0x0000000008000000                . = ALIGN (0x4)
 *(.isr_vector)
 .isr_vector    0x0000000008000000      0x1f8 ./Core/Startup/startup_stm32f767zitx.o
                0x0000000008000000                g_pfnVectors
                0x00000000080001f8                . = ALIGN (0x4)

.text           0x00000000080001f8     0x3cb8
                0x00000000080001f8                . = ALIGN (0x4)
 *(.text)
 .text          0x00000000080001f8       0x40 /Applications/STM32CubeIDE.app/Contents/Eclipse/plugins/com.st.stm32cube.ide.mcu.externaltools.gnu-tools-for-stm32.11.3.rel1.macos64_1.1.100.202310310803/tools/bin/../lib/gcc/arm-none-eabi/11.3.1/thumb/v7e-m+dp/hard/crtbegin.o
 .text          0x0000000008000238       0x30 /Applications/STM32CubeIDE.app/Contents/Eclipse/plugins/com.st.stm32cube.ide.mcu.externaltools.gnu-tools-for-stm32.11.3.rel1.macos64_1.1.100.202310310803/tools/bin/../lib/gcc/arm-none-eabi/11.3.1/thumb/v7e-m+dp/hard/libgcc.a(_aeabi_uldivmod.o)
                0x0000000008000238                __aeabi_uldivmod
 .text          0x0000000008000268      0x2c8 /Applications/STM32CubeIDE.app/Contents/Eclipse/plugins/com.st.stm32cube.ide.mcu.externaltools.gnu-tools-for-stm32.11.3.rel1.macos64_1.1.100.202310310803/tools/bin/../lib/gcc/arm-none-eabi/11.3.1/thumb/v7e-m+dp/hard/libgcc.a(_udivmoddi4.o)
                0x0000000008000268                __udivmoddi4
 .text          0x0000000008000530        0x4 /Applications/STM32CubeIDE.app/Contents/Eclipse/plugins/com.st.stm32cube.ide.mcu.externaltools.gnu-tools-for-stm32.11.3.rel1.macos64_1.1.100.202310310803/tools/bin/../lib/gcc/arm-none-eabi/11.3.1/thumb/v7e-m+dp/hard/libgcc.a(_dvmd_tls.o)
                0x0000000008000530                __aeabi_ldiv0
                0x0000000008000530                __aeabi_idiv0
 *(.text*)
 .text.main     0x0000000008000534       0x5c ./Core/Src/main.o
                0x0000000008000534                main
 .text.SystemClock_Config
                0x0000000008000590       0xe4 ./Core/Src/main.o
                0x0000000008000590                SystemClock_Config
 .text.MX_ETH_Init
                0x0000000008000674       0x9c ./Core/Src/main.o
 .text.MX_USART3_UART_Init
                0x0000000008000710       0x60 ./Core/Src/main.o
 .text.MX_USB_OTG_FS_PCD_Init
                0x0000000008000770       0x5c ./Core/Src/main.o
 .text.MX_GPIO_Init
                0x00000000080007cc      0x18c ./Core/Src/main.o
 .text.Error_Handler
                0x0000000008000958        0xa ./Core/Src/main.o
                0x0000000008000958                Error_Handler
 *fill*         0x0000000008000962        0x2 
 .text.HAL_MspInit
                0x0000000008000964       0x48 ./Core/Src/stm32f7xx_hal_msp.o
                0x0000000008000964                HAL_MspInit
 .text.HAL_ETH_MspInit
                0x00000000080009ac      0x170 ./Core/Src/stm32f7xx_hal_msp.o
                0x00000000080009ac                HAL_ETH_MspInit
 .text.HAL_UART_MspInit
                0x0000000008000b1c       0xc0 ./Core/Src/stm32f7xx_hal_msp.o
                0x0000000008000b1c                HAL_UART_MspInit
 .text.HAL_PCD_MspInit
                0x0000000008000bdc       0xf4 ./Core/Src/stm32f7xx_hal_msp.o
                0x0000000008000bdc                HAL_PCD_MspInit
 .text.NMI_Handler
                0x0000000008000cd0        0x6 ./Core/Src/stm32f7xx_it.o
                0x0000000008000cd0                NMI_Handler
 .text.HardFault_Handler
                0x0000000008000cd6        0x6 ./Core/Src/stm32f7xx_it.o
                0x0000000008000cd6                HardFault_Handler
 .text.MemManage_Handler
                0x0000000008000cdc        0x6 ./Core/Src/stm32f7xx_it.o
                0x0000000008000cdc                MemManage_Handler
 .text.BusFault_Handler
                0x0000000008000ce2        0x6 ./Core/Src/stm32f7xx_it.o
                0x0000000008000ce2                BusFault_Handler
 .text.UsageFault_Handler
                0x0000000008000ce8        0x6 ./Core/Src/stm32f7xx_it.o
                0x0000000008000ce8                UsageFault_Handler
 .text.SVC_Handler
                0x0000000008000cee        0xe ./Core/Src/stm32f7xx_it.o
                0x0000000008000cee                SVC_Handler
 .text.DebugMon_Handler
                0x0000000008000cfc        0xe ./Core/Src/stm32f7xx_it.o
                0x0000000008000cfc                DebugMon_Handler
 .text.PendSV_Handler
                0x0000000008000d0a        0xe ./Core/Src/stm32f7xx_it.o
                0x0000000008000d0a                PendSV_Handler
 .text.SysTick_Handler
                0x0000000008000d18        0xc ./Core/Src/stm32f7xx_it.o
                0x0000000008000d18                SysTick_Handler
 .text.SystemInit
                0x0000000008000d24       0x24 ./Core/Src/system_stm32f7xx.o
                0x0000000008000d24                SystemInit
 .text.Reset_Handler
                0x0000000008000d48       0x50 ./Core/Startup/startup_stm32f767zitx.o
                0x0000000008000d48                Reset_Handler
 .text.Default_Handler
                0x0000000008000d98        0x2 ./Core/Startup/startup_stm32f767zitx.o
                0x0000000008000d98                DMA1_Stream3_IRQHandler
                0x0000000008000d98                EXTI2_IRQHandler
                0x0000000008000d98                TIM8_CC_IRQHandler
                0x0000000008000d98                UART8_IRQHandler
                0x0000000008000d98                SPI4_IRQHandler
                0x0000000008000d98                TIM1_CC_IRQHandler
                0x0000000008000d98                DMA2_Stream5_IRQHandler
                0x0000000008000d98                JPEG_IRQHandler
                0x0000000008000d98                DMA1_Stream5_IRQHandler
                0x0000000008000d98                CAN3_RX1_IRQHandler
                0x0000000008000d98                PVD_IRQHandler
                0x0000000008000d98                TAMP_STAMP_IRQHandler
                0x0000000008000d98                CAN2_RX1_IRQHandler
                0x0000000008000d98                EXTI3_IRQHandler
                0x0000000008000d98                TIM8_TRG_COM_TIM14_IRQHandler
                0x0000000008000d98                DFSDM1_FLT1_IRQHandler
                0x0000000008000d98                TIM1_UP_TIM10_IRQHandler
                0x0000000008000d98                TIM8_UP_TIM13_IRQHandler
                0x0000000008000d98                I2C3_ER_IRQHandler
                0x0000000008000d98                DFSDM1_FLT2_IRQHandler
                0x0000000008000d98                EXTI0_IRQHandler
                0x0000000008000d98                I2C2_EV_IRQHandler
                0x0000000008000d98                DMA1_Stream2_IRQHandler
                0x0000000008000d98                CAN1_RX0_IRQHandler
                0x0000000008000d98                FPU_IRQHandler
                0x0000000008000d98                OTG_HS_WKUP_IRQHandler
                0x0000000008000d98                CAN3_SCE_IRQHandler
                0x0000000008000d98                LTDC_ER_IRQHandler
                0x0000000008000d98                CAN2_SCE_IRQHandler
                0x0000000008000d98                DMA2_Stream2_IRQHandler
                0x0000000008000d98                SPI1_IRQHandler
                0x0000000008000d98                TIM6_DAC_IRQHandler
                0x0000000008000d98                TIM1_BRK_TIM9_IRQHandler
                0x0000000008000d98                DCMI_IRQHandler
                0x0000000008000d98                CAN2_RX0_IRQHandler
                0x0000000008000d98                DMA2_Stream3_IRQHandler
                0x0000000008000d98                SAI2_IRQHandler
                0x0000000008000d98                DFSDM1_FLT3_IRQHandler
                0x0000000008000d98                USART6_IRQHandler
                0x0000000008000d98                CAN3_RX0_IRQHandler
                0x0000000008000d98                USART3_IRQHandler
                0x0000000008000d98                CAN1_RX1_IRQHandler
                0x0000000008000d98                UART5_IRQHandler
                0x0000000008000d98                DMA2_Stream0_IRQHandler
                0x0000000008000d98                TIM4_IRQHandler
                0x0000000008000d98                QUADSPI_IRQHandler
                0x0000000008000d98                I2C1_EV_IRQHandler
                0x0000000008000d98                DMA1_Stream6_IRQHandler
                0x0000000008000d98                DMA1_Stream1_IRQHandler
                0x0000000008000d98                UART4_IRQHandler
                0x0000000008000d98                TIM3_IRQHandler
                0x0000000008000d98                RCC_IRQHandler
                0x0000000008000d98                TIM8_BRK_TIM12_IRQHandler
                0x0000000008000d98                Default_Handler
                0x0000000008000d98                CEC_IRQHandler
                0x0000000008000d98                EXTI15_10_IRQHandler
                0x0000000008000d98                ADC_IRQHandler
                0x0000000008000d98                DMA1_Stream7_IRQHandler
                0x0000000008000d98                SPI5_IRQHandler
                0x0000000008000d98                TIM7_IRQHandler
                0x0000000008000d98                SDMMC1_IRQHandler
                0x0000000008000d98                CAN2_TX_IRQHandler
                0x0000000008000d98                TIM5_IRQHandler
                0x0000000008000d98                DMA2_Stream7_IRQHandler
                0x0000000008000d98                I2C3_EV_IRQHandler
                0x0000000008000d98                EXTI9_5_IRQHandler
                0x0000000008000d98                RTC_WKUP_IRQHandler
                0x0000000008000d98                LTDC_IRQHandler
                0x0000000008000d98                ETH_WKUP_IRQHandler
                0x0000000008000d98                SPDIF_RX_IRQHandler
                0x0000000008000d98                SPI2_IRQHandler
                0x0000000008000d98                OTG_HS_EP1_IN_IRQHandler
                0x0000000008000d98                DMA1_Stream0_IRQHandler
                0x0000000008000d98                CAN1_TX_IRQHandler
                0x0000000008000d98                EXTI4_IRQHandler
                0x0000000008000d98                RNG_IRQHandler
                0x0000000008000d98                ETH_IRQHandler
                0x0000000008000d98                OTG_HS_EP1_OUT_IRQHandler
                0x0000000008000d98                WWDG_IRQHandler
                0x0000000008000d98                SPI6_IRQHandler
                0x0000000008000d98                MDIOS_IRQHandler
                0x0000000008000d98                I2C4_EV_IRQHandler
                0x0000000008000d98                CAN3_TX_IRQHandler
                0x0000000008000d98                TIM2_IRQHandler
                0x0000000008000d98                OTG_FS_WKUP_IRQHandler
                0x0000000008000d98                TIM1_TRG_COM_TIM11_IRQHandler
                0x0000000008000d98                OTG_HS_IRQHandler
                0x0000000008000d98                DMA2D_IRQHandler
                0x0000000008000d98                EXTI1_IRQHandler
                0x0000000008000d98                SDMMC2_IRQHandler
                0x0000000008000d98                UART7_IRQHandler
                0x0000000008000d98                USART2_IRQHandler
                0x0000000008000d98                DFSDM1_FLT0_IRQHandler
                0x0000000008000d98                I2C2_ER_IRQHandler
                0x0000000008000d98                DMA2_Stream1_IRQHandler
                0x0000000008000d98                CAN1_SCE_IRQHandler
                0x0000000008000d98                FLASH_IRQHandler
                0x0000000008000d98                DMA2_Stream4_IRQHandler
                0x0000000008000d98                USART1_IRQHandler
                0x0000000008000d98                OTG_FS_IRQHandler
                0x0000000008000d98                SPI3_IRQHandler
                0x0000000008000d98                DMA1_Stream4_IRQHandler
                0x0000000008000d98                I2C1_ER_IRQHandler
                0x0000000008000d98                FMC_IRQHandler
                0x0000000008000d98                LPTIM1_IRQHandler
                0x0000000008000d98                I2C4_ER_IRQHandler
                0x0000000008000d98                DMA2_Stream6_IRQHandler
                0x0000000008000d98                SAI1_IRQHandler
                0x0000000008000d98                RTC_Alarm_IRQHandler
 .text.HAL_Init
                0x0000000008000d9a       0x1a ./Drivers/STM32F7xx_HAL_Driver/Src/stm32f7xx_hal.o
                0x0000000008000d9a                HAL_Init
 .text.HAL_InitTick
                0x0000000008000db4       0x60 ./Drivers/STM32F7xx_HAL_Driver/Src/stm32f7xx_hal.o
                0x0000000008000db4                HAL_InitTick
 .text.HAL_IncTick
                0x0000000008000e14       0x28 ./Drivers/STM32F7xx_HAL_Driver/Src/stm32f7xx_hal.o
                0x0000000008000e14                HAL_IncTick
 .text.HAL_GetTick
                0x0000000008000e3c       0x18 ./Drivers/STM32F7xx_HAL_Driver/Src/stm32f7xx_hal.o
                0x0000000008000e3c                HAL_GetTick
 .text.HAL_Delay
                0x0000000008000e54       0x48 ./Drivers/STM32F7xx_HAL_Driver/Src/stm32f7xx_hal.o
                0x0000000008000e54                HAL_Delay
 .text.__NVIC_SetPriorityGrouping
                0x0000000008000e9c       0x48 ./Drivers/STM32F7xx_HAL_Driver/Src/stm32f7xx_hal_cortex.o
 .text.__NVIC_GetPriorityGrouping
                0x0000000008000ee4       0x1c ./Drivers/STM32F7xx_HAL_Driver/Src/stm32f7xx_hal_cortex.o
 .text.__NVIC_SetPriority
                0x0000000008000f00       0x54 ./Drivers/STM32F7xx_HAL_Driver/Src/stm32f7xx_hal_cortex.o
 .text.NVIC_EncodePriority
                0x0000000008000f54       0x66 ./Drivers/STM32F7xx_HAL_Driver/Src/stm32f7xx_hal_cortex.o
 *fill*         0x0000000008000fba        0x2 
 .text.SysTick_Config
                0x0000000008000fbc       0x44 ./Drivers/STM32F7xx_HAL_Driver/Src/stm32f7xx_hal_cortex.o
 .text.HAL_NVIC_SetPriorityGrouping
                0x0000000008001000       0x16 ./Drivers/STM32F7xx_HAL_Driver/Src/stm32f7xx_hal_cortex.o
                0x0000000008001000                HAL_NVIC_SetPriorityGrouping
 .text.HAL_NVIC_SetPriority
                0x0000000008001016       0x38 ./Drivers/STM32F7xx_HAL_Driver/Src/stm32f7xx_hal_cortex.o
                0x0000000008001016                HAL_NVIC_SetPriority
 .text.HAL_SYSTICK_Config
                0x000000000800104e       0x18 ./Drivers/STM32F7xx_HAL_Driver/Src/stm32f7xx_hal_cortex.o
                0x000000000800104e                HAL_SYSTICK_Config
 *fill*         0x0000000008001066        0x2 
 .text.HAL_ETH_Init
                0x0000000008001068       0xf8 ./Drivers/STM32F7xx_HAL_Driver/Src/stm32f7xx_hal_eth.o
                0x0000000008001068                HAL_ETH_Init
 .text.ETH_SetMACConfig
                0x0000000008001160      0x160 ./Drivers/STM32F7xx_HAL_Driver/Src/stm32f7xx_hal_eth.o
 .text.ETH_SetDMAConfig
                0x00000000080012c0      0x114 ./Drivers/STM32F7xx_HAL_Driver/Src/stm32f7xx_hal_eth.o
 .text.ETH_MACDMAConfig
                0x00000000080013d4       0xe4 ./Drivers/STM32F7xx_HAL_Driver/Src/stm32f7xx_hal_eth.o
 .text.ETH_MACAddressConfig
                0x00000000080014b8       0x70 ./Drivers/STM32F7xx_HAL_Driver/Src/stm32f7xx_hal_eth.o
 .text.ETH_DMATxDescListInit
                0x0000000008001528       0xb2 ./Drivers/STM32F7xx_HAL_Driver/Src/stm32f7xx_hal_eth.o
 .text.ETH_DMARxDescListInit
                0x00000000080015da       0xda ./Drivers/STM32F7xx_HAL_Driver/Src/stm32f7xx_hal_eth.o
 .text.HAL_GPIO_Init
                0x00000000080016b4      0x358 ./Drivers/STM32F7xx_HAL_Driver/Src/stm32f7xx_hal_gpio.o
                0x00000000080016b4                HAL_GPIO_Init
 .text.HAL_GPIO_WritePin
                0x0000000008001a0c       0x32 ./Drivers/STM32F7xx_HAL_Driver/Src/stm32f7xx_hal_gpio.o
                0x0000000008001a0c                HAL_GPIO_WritePin
 .text.HAL_PCD_Init
                0x0000000008001a3e      0x248 ./Drivers/STM32F7xx_HAL_Driver/Src/stm32f7xx_hal_pcd.o
                0x0000000008001a3e                HAL_PCD_Init
 *fill*         0x0000000008001c86        0x2 
 .text.HAL_PCDEx_ActivateLPM
                0x0000000008001c88       0x48 ./Drivers/STM32F7xx_HAL_Driver/Src/stm32f7xx_hal_pcd_ex.o
                0x0000000008001c88                HAL_PCDEx_ActivateLPM
 .text.HAL_PWR_EnableBkUpAccess
                0x0000000008001cd0       0x20 ./Drivers/STM32F7xx_HAL_Driver/Src/stm32f7xx_hal_pwr.o
                0x0000000008001cd0                HAL_PWR_EnableBkUpAccess
 .text.HAL_PWREx_EnableOverDrive
                0x0000000008001cf0       0xa0 ./Drivers/STM32F7xx_HAL_Driver/Src/stm32f7xx_hal_pwr_ex.o
                0x0000000008001cf0                HAL_PWREx_EnableOverDrive
 .text.HAL_RCC_OscConfig
                0x0000000008001d90      0x55c ./Drivers/STM32F7xx_HAL_Driver/Src/stm32f7xx_hal_rcc.o
                0x0000000008001d90                HAL_RCC_OscConfig
 .text.HAL_RCC_ClockConfig
                0x00000000080022ec      0x1d8 ./Drivers/STM32F7xx_HAL_Driver/Src/stm32f7xx_hal_rcc.o
                0x00000000080022ec                HAL_RCC_ClockConfig
 .text.HAL_RCC_GetSysClockFreq
                0x00000000080024c4      0x20c ./Drivers/STM32F7xx_HAL_Driver/Src/stm32f7xx_hal_rcc.o
                0x00000000080024c4                HAL_RCC_GetSysClockFreq
 .text.HAL_RCC_GetHCLKFreq
                0x00000000080026d0       0x18 ./Drivers/STM32F7xx_HAL_Driver/Src/stm32f7xx_hal_rcc.o
                0x00000000080026d0                HAL_RCC_GetHCLKFreq
 .text.HAL_RCC_GetPCLK1Freq
                0x00000000080026e8       0x28 ./Drivers/STM32F7xx_HAL_Driver/Src/stm32f7xx_hal_rcc.o
                0x00000000080026e8                HAL_RCC_GetPCLK1Freq
 .text.HAL_RCC_GetPCLK2Freq
                0x0000000008002710       0x28 ./Drivers/STM32F7xx_HAL_Driver/Src/stm32f7xx_hal_rcc.o
                0x0000000008002710                HAL_RCC_GetPCLK2Freq
 .text.HAL_RCCEx_PeriphCLKConfig
                0x0000000008002738      0x850 ./Drivers/STM32F7xx_HAL_Driver/Src/stm32f7xx_hal_rcc_ex.o
                0x0000000008002738                HAL_RCCEx_PeriphCLKConfig
 .text.HAL_UART_Init
                0x0000000008002f88       0x9c ./Drivers/STM32F7xx_HAL_Driver/Src/stm32f7xx_hal_uart.o
                0x0000000008002f88                HAL_UART_Init
 .text.UART_SetConfig
                0x0000000008003024      0x4c8 ./Drivers/STM32F7xx_HAL_Driver/Src/stm32f7xx_hal_uart.o
                0x0000000008003024                UART_SetConfig
 .text.UART_AdvFeatureConfig
                0x00000000080034ec      0x144 ./Drivers/STM32F7xx_HAL_Driver/Src/stm32f7xx_hal_uart.o
                0x00000000080034ec                UART_AdvFeatureConfig
 .text.UART_CheckIdleState
                0x0000000008003630       0x9a ./Drivers/STM32F7xx_HAL_Driver/Src/stm32f7xx_hal_uart.o
                0x0000000008003630                UART_CheckIdleState
 .text.UART_WaitOnFlagUntilTimeout
                0x00000000080036ca      0x18c ./Drivers/STM32F7xx_HAL_Driver/Src/stm32f7xx_hal_uart.o
                0x00000000080036ca                UART_WaitOnFlagUntilTimeout
 *fill*         0x0000000008003856        0x2 
 .text.USB_CoreInit
                0x0000000008003858       0xb0 ./Drivers/STM32F7xx_HAL_Driver/Src/stm32f7xx_ll_usb.o
                0x0000000008003858                USB_CoreInit
 .text.USB_DisableGlobalInt
                0x0000000008003908       0x22 ./Drivers/STM32F7xx_HAL_Driver/Src/stm32f7xx_ll_usb.o
                0x0000000008003908                USB_DisableGlobalInt
 .text.USB_SetCurrentMode
                0x000000000800392a       0x98 ./Drivers/STM32F7xx_HAL_Driver/Src/stm32f7xx_ll_usb.o
                0x000000000800392a                USB_SetCurrentMode
 *fill*         0x00000000080039c2        0x2 
 .text.USB_DevInit
                0x00000000080039c4      0x2bc ./Drivers/STM32F7xx_HAL_Driver/Src/stm32f7xx_ll_usb.o
                0x00000000080039c4                USB_DevInit
 .text.USB_FlushTxFifo
                0x0000000008003c80       0x68 ./Drivers/STM32F7xx_HAL_Driver/Src/stm32f7xx_ll_usb.o
                0x0000000008003c80                USB_FlushTxFifo
 .text.USB_FlushRxFifo
                0x0000000008003ce8       0x60 ./Drivers/STM32F7xx_HAL_Driver/Src/stm32f7xx_ll_usb.o
                0x0000000008003ce8                USB_FlushRxFifo
 .text.USB_SetDevSpeed
                0x0000000008003d48       0x32 ./Drivers/STM32F7xx_HAL_Driver/Src/stm32f7xx_ll_usb.o
                0x0000000008003d48                USB_SetDevSpeed
 .text.USB_DevDisconnect
                0x0000000008003d7a       0x42 ./Drivers/STM32F7xx_HAL_Driver/Src/stm32f7xx_ll_usb.o
                0x0000000008003d7a                USB_DevDisconnect
 .text.USB_GetMode
                0x0000000008003dbc       0x1c ./Drivers/STM32F7xx_HAL_Driver/Src/stm32f7xx_ll_usb.o
                0x0000000008003dbc                USB_GetMode
 .text.USB_CoreReset
                0x0000000008003dd8       0x68 ./Drivers/STM32F7xx_HAL_Driver/Src/stm32f7xx_ll_usb.o
 .text.memset   0x0000000008003e40       0x10 /Applications/STM32CubeIDE.app/Contents/Eclipse/plugins/com.st.stm32cube.ide.mcu.externaltools.gnu-tools-for-stm32.11.3.rel1.macos64_1.1.100.202310310803/tools/bin/../lib/gcc/arm-none-eabi/11.3.1/../../../../arm-none-eabi/lib/thumb/v7e-m+dp/hard/libc_nano.a(libc_a-memset.o)
                0x0000000008003e40                memset
 .text.__libc_init_array
                0x0000000008003e50       0x48 /Applications/STM32CubeIDE.app/Contents/Eclipse/plugins/com.st.stm32cube.ide.mcu.externaltools.gnu-tools-for-stm32.11.3.rel1.macos64_1.1.100.202310310803/tools/bin/../lib/gcc/arm-none-eabi/11.3.1/../../../../arm-none-eabi/lib/thumb/v7e-m+dp/hard/libc_nano.a(libc_a-init.o)
                0x0000000008003e50                __libc_init_array
 *(.glue_7)
 .glue_7        0x0000000008003e98        0x0 linker stubs
 *(.glue_7t)
 .glue_7t       0x0000000008003e98        0x0 linker stubs
 *(.eh_frame)
 .eh_frame      0x0000000008003e98        0x0 /Applications/STM32CubeIDE.app/Contents/Eclipse/plugins/com.st.stm32cube.ide.mcu.externaltools.gnu-tools-for-stm32.11.3.rel1.macos64_1.1.100.202310310803/tools/bin/../lib/gcc/arm-none-eabi/11.3.1/thumb/v7e-m+dp/hard/crtbegin.o
 *(.init)
 .init          0x0000000008003e98        0x4 /Applications/STM32CubeIDE.app/Contents/Eclipse/plugins/com.st.stm32cube.ide.mcu.externaltools.gnu-tools-for-stm32.11.3.rel1.macos64_1.1.100.202310310803/tools/bin/../lib/gcc/arm-none-eabi/11.3.1/thumb/v7e-m+dp/hard/crti.o
                0x0000000008003e98                _init
 .init          0x0000000008003e9c        0x8 /Applications/STM32CubeIDE.app/Contents/Eclipse/plugins/com.st.stm32cube.ide.mcu.externaltools.gnu-tools-for-stm32.11.3.rel1.macos64_1.1.100.202310310803/tools/bin/../lib/gcc/arm-none-eabi/11.3.1/thumb/v7e-m+dp/hard/crtn.o
 *(.fini)
 .fini          0x0000000008003ea4        0x4 /Applications/STM32CubeIDE.app/Contents/Eclipse/plugins/com.st.stm32cube.ide.mcu.externaltools.gnu-tools-for-stm32.11.3.rel1.macos64_1.1.100.202310310803/tools/bin/../lib/gcc/arm-none-eabi/11.3.1/thumb/v7e-m+dp/hard/crti.o
                0x0000000008003ea4                _fini
 .fini          0x0000000008003ea8        0x8 /Applications/STM32CubeIDE.app/Contents/Eclipse/plugins/com.st.stm32cube.ide.mcu.externaltools.gnu-tools-for-stm32.11.3.rel1.macos64_1.1.100.202310310803/tools/bin/../lib/gcc/arm-none-eabi/11.3.1/thumb/v7e-m+dp/hard/crtn.o
                0x0000000008003eb0                . = ALIGN (0x4)
                0x0000000008003eb0                _etext = .

.vfp11_veneer   0x0000000008003eb0        0x0
 .vfp11_veneer  0x0000000008003eb0        0x0 linker stubs

.v4_bx          0x0000000008003eb0        0x0
 .v4_bx         0x0000000008003eb0        0x0 linker stubs

.iplt           0x0000000008003eb0        0x0
 .iplt          0x0000000008003eb0        0x0 /Applications/STM32CubeIDE.app/Contents/Eclipse/plugins/com.st.stm32cube.ide.mcu.externaltools.gnu-tools-for-stm32.11.3.rel1.macos64_1.1.100.202310310803/tools/bin/../lib/gcc/arm-none-eabi/11.3.1/thumb/v7e-m+dp/hard/crtbegin.o

.rodata         0x0000000008003eb0       0x18
                0x0000000008003eb0                . = ALIGN (0x4)
 *(.rodata)
 *(.rodata*)
 .rodata.AHBPrescTable
                0x0000000008003eb0       0x10 ./Core/Src/system_stm32f7xx.o
                0x0000000008003eb0                AHBPrescTable
 .rodata.APBPrescTable
                0x0000000008003ec0        0x8 ./Core/Src/system_stm32f7xx.o
                0x0000000008003ec0                APBPrescTable
                0x0000000008003ec8                . = ALIGN (0x4)

.ARM.extab      0x0000000008003ec8        0x0
                0x0000000008003ec8                . = ALIGN (0x4)
 *(.ARM.extab* .gnu.linkonce.armextab.*)
                0x0000000008003ec8                . = ALIGN (0x4)

.ARM            0x0000000008003ec8        0x8
                0x0000000008003ec8                . = ALIGN (0x4)
                0x0000000008003ec8                __exidx_start = .
 *(.ARM.exidx*)
 .ARM.exidx     0x0000000008003ec8        0x8 /Applications/STM32CubeIDE.app/Contents/Eclipse/plugins/com.st.stm32cube.ide.mcu.externaltools.gnu-tools-for-stm32.11.3.rel1.macos64_1.1.100.202310310803/tools/bin/../lib/gcc/arm-none-eabi/11.3.1/thumb/v7e-m+dp/hard/libgcc.a(_udivmoddi4.o)
                0x0000000008003ed0                __exidx_end = .
                0x0000000008003ed0                . = ALIGN (0x4)

.rel.dyn        0x0000000008003ed0        0x0
 .rel.iplt      0x0000000008003ed0        0x0 /Applications/STM32CubeIDE.app/Contents/Eclipse/plugins/com.st.stm32cube.ide.mcu.externaltools.gnu-tools-for-stm32.11.3.rel1.macos64_1.1.100.202310310803/tools/bin/../lib/gcc/arm-none-eabi/11.3.1/thumb/v7e-m+dp/hard/crtbegin.o

.preinit_array  0x0000000008003ed0        0x0
                0x0000000008003ed0                . = ALIGN (0x4)
                0x0000000008003ed0                PROVIDE (__preinit_array_start = .)
 *(.preinit_array*)
                0x0000000008003ed0                PROVIDE (__preinit_array_end = .)
                0x0000000008003ed0                . = ALIGN (0x4)

.init_array     0x0000000008003ed0        0x4
                0x0000000008003ed0                . = ALIGN (0x4)
                0x0000000008003ed0                PROVIDE (__init_array_start = .)
 *(SORT_BY_NAME(.init_array.*))
 *(.init_array*)
 .init_array    0x0000000008003ed0        0x4 /Applications/STM32CubeIDE.app/Contents/Eclipse/plugins/com.st.stm32cube.ide.mcu.externaltools.gnu-tools-for-stm32.11.3.rel1.macos64_1.1.100.202310310803/tools/bin/../lib/gcc/arm-none-eabi/11.3.1/thumb/v7e-m+dp/hard/crtbegin.o
                0x0000000008003ed4                PROVIDE (__init_array_end = .)
                0x0000000008003ed4                . = ALIGN (0x4)

.fini_array     0x0000000008003ed4        0x4
                0x0000000008003ed4                . = ALIGN (0x4)
                [!provide]                        PROVIDE (__fini_array_start = .)
 *(SORT_BY_NAME(.fini_array.*))
 *(.fini_array*)
 .fini_array    0x0000000008003ed4        0x4 /Applications/STM32CubeIDE.app/Contents/Eclipse/plugins/com.st.stm32cube.ide.mcu.externaltools.gnu-tools-for-stm32.11.3.rel1.macos64_1.1.100.202310310803/tools/bin/../lib/gcc/arm-none-eabi/11.3.1/thumb/v7e-m+dp/hard/crtbegin.o
                [!provide]                        PROVIDE (__fini_array_end = .)
                0x0000000008003ed8                . = ALIGN (0x4)
                0x0000000008003ed8                _sidata = LOADADDR (.data)

.data           0x0000000020000000        0xc load address 0x0000000008003ed8
                0x0000000020000000                . = ALIGN (0x4)
                0x0000000020000000                _sdata = .
 *(.data)
 *(.data*)
 .data.SystemCoreClock
                0x0000000020000000        0x4 ./Core/Src/system_stm32f7xx.o
                0x0000000020000000                SystemCoreClock
 .data.uwTickPrio
                0x0000000020000004        0x4 ./Drivers/STM32F7xx_HAL_Driver/Src/stm32f7xx_hal.o
                0x0000000020000004                uwTickPrio
 .data.uwTickFreq
                0x0000000020000008        0x1 ./Drivers/STM32F7xx_HAL_Driver/Src/stm32f7xx_hal.o
                0x0000000020000008                uwTickFreq
 *(.RamFunc)
 *(.RamFunc*)
                0x000000002000000c                . = ALIGN (0x4)
 *fill*         0x0000000020000009        0x3 
                0x000000002000000c                _edata = .

.igot.plt       0x000000002000000c        0x0 load address 0x0000000008003ee4
 .igot.plt      0x000000002000000c        0x0 /Applications/STM32CubeIDE.app/Contents/Eclipse/plugins/com.st.stm32cube.ide.mcu.externaltools.gnu-tools-for-stm32.11.3.rel1.macos64_1.1.100.202310310803/tools/bin/../lib/gcc/arm-none-eabi/11.3.1/thumb/v7e-m+dp/hard/crtbegin.o

.RxDecripSection
                0x000000002000000c       0xa0 load address 0x0000000008003ee4
 .RxDecripSection
                0x000000002000000c       0xa0 ./Core/Src/main.o
                0x000000002000000c                DMARxDscrTab

.TxDecripSection
                0x00000000200000ac       0xa0 load address 0x0000000008003f84
 .TxDecripSection
                0x00000000200000ac       0xa0 ./Core/Src/main.o
                0x00000000200000ac                DMATxDscrTab
                0x000000002000014c                . = ALIGN (0x4)

.bss            0x000000002000014c      0x6a0 load address 0x0000000008004024
                0x000000002000014c                _sbss = .
                0x000000002000014c                __bss_start__ = _sbss
 *(.bss)
 .bss           0x000000002000014c       0x1c /Applications/STM32CubeIDE.app/Contents/Eclipse/plugins/com.st.stm32cube.ide.mcu.externaltools.gnu-tools-for-stm32.11.3.rel1.macos64_1.1.100.202310310803/tools/bin/../lib/gcc/arm-none-eabi/11.3.1/thumb/v7e-m+dp/hard/crtbegin.o
 *(.bss*)
 .bss.TxConfig  0x0000000020000168       0x38 ./Core/Src/main.o
                0x0000000020000168                TxConfig
 .bss.heth      0x00000000200001a0       0xb0 ./Core/Src/main.o
                0x00000000200001a0                heth
 .bss.huart3    0x0000000020000250       0x88 ./Core/Src/main.o
                0x0000000020000250                huart3
 .bss.hpcd_USB_OTG_FS
                0x00000000200002d8      0x508 ./Core/Src/main.o
                0x00000000200002d8                hpcd_USB_OTG_FS
 .bss.MACAddr.0
                0x00000000200007e0        0x6 ./Core/Src/main.o
 *fill*         0x00000000200007e6        0x2 
 .bss.uwTick    0x00000000200007e8        0x4 ./Drivers/STM32F7xx_HAL_Driver/Src/stm32f7xx_hal.o
                0x00000000200007e8                uwTick
 *(COMMON)
                0x00000000200007ec                . = ALIGN (0x4)
                0x00000000200007ec                _ebss = .
                0x00000000200007ec                __bss_end__ = _ebss

._user_heap_stack
                0x00000000200007ec      0x604 load address 0x0000000008004024
                0x00000000200007f0                . = ALIGN (0x8)
 *fill*         0x00000000200007ec        0x4 
                [!provide]                        PROVIDE (end = .)
                0x00000000200007f0                PROVIDE (_end = .)
                0x00000000200009f0                . = (. + _Min_Heap_Size)
 *fill*         0x00000000200007f0      0x200 
                0x0000000020000df0                . = (. + _Min_Stack_Size)
 *fill*         0x00000000200009f0      0x400 
                0x0000000020000df0                . = ALIGN (0x8)

/DISCARD/
 libc.a(*)
 libm.a(*)
 libgcc.a(*)

.ARM.attributes
                0x0000000000000000       0x2e
 *(.ARM.attributes)
 .ARM.attributes
                0x0000000000000000       0x1e /Applications/STM32CubeIDE.app/Contents/Eclipse/plugins/com.st.stm32cube.ide.mcu.externaltools.gnu-tools-for-stm32.11.3.rel1.macos64_1.1.100.202310310803/tools/bin/../lib/gcc/arm-none-eabi/11.3.1/thumb/v7e-m+dp/hard/crti.o
 .ARM.attributes
                0x000000000000001e       0x32 /Applications/STM32CubeIDE.app/Contents/Eclipse/plugins/com.st.stm32cube.ide.mcu.externaltools.gnu-tools-for-stm32.11.3.rel1.macos64_1.1.100.202310310803/tools/bin/../lib/gcc/arm-none-eabi/11.3.1/thumb/v7e-m+dp/hard/crtbegin.o
 .ARM.attributes
                0x0000000000000050       0x32 ./Core/Src/main.o
 .ARM.attributes
                0x0000000000000082       0x32 ./Core/Src/stm32f7xx_hal_msp.o
 .ARM.attributes
                0x00000000000000b4       0x32 ./Core/Src/stm32f7xx_it.o
 .ARM.attributes
                0x00000000000000e6       0x32 ./Core/Src/system_stm32f7xx.o
 .ARM.attributes
                0x0000000000000118       0x21 ./Core/Startup/startup_stm32f767zitx.o
 .ARM.attributes
                0x0000000000000139       0x32 ./Drivers/STM32F7xx_HAL_Driver/Src/stm32f7xx_hal.o
 .ARM.attributes
                0x000000000000016b       0x32 ./Drivers/STM32F7xx_HAL_Driver/Src/stm32f7xx_hal_cortex.o
 .ARM.attributes
                0x000000000000019d       0x32 ./Drivers/STM32F7xx_HAL_Driver/Src/stm32f7xx_hal_eth.o
 .ARM.attributes
                0x00000000000001cf       0x32 ./Drivers/STM32F7xx_HAL_Driver/Src/stm32f7xx_hal_gpio.o
 .ARM.attributes
                0x0000000000000201       0x32 ./Drivers/STM32F7xx_HAL_Driver/Src/stm32f7xx_hal_pcd.o
 .ARM.attributes
                0x0000000000000233       0x32 ./Drivers/STM32F7xx_HAL_Driver/Src/stm32f7xx_hal_pcd_ex.o
 .ARM.attributes
                0x0000000000000265       0x32 ./Drivers/STM32F7xx_HAL_Driver/Src/stm32f7xx_hal_pwr.o
 .ARM.attributes
                0x0000000000000297       0x32 ./Drivers/STM32F7xx_HAL_Driver/Src/stm32f7xx_hal_pwr_ex.o
 .ARM.attributes
                0x00000000000002c9       0x32 ./Drivers/STM32F7xx_HAL_Driver/Src/stm32f7xx_hal_rcc.o
 .ARM.attributes
                0x00000000000002fb       0x32 ./Drivers/STM32F7xx_HAL_Driver/Src/stm32f7xx_hal_rcc_ex.o
 .ARM.attributes
                0x000000000000032d       0x32 ./Drivers/STM32F7xx_HAL_Driver/Src/stm32f7xx_hal_uart.o
 .ARM.attributes
                0x000000000000035f       0x32 ./Drivers/STM32F7xx_HAL_Driver/Src/stm32f7xx_ll_usb.o
 .ARM.attributes
                0x0000000000000391       0x32 /Applications/STM32CubeIDE.app/Contents/Eclipse/plugins/com.st.stm32cube.ide.mcu.externaltools.gnu-tools-for-stm32.11.3.rel1.macos64_1.1.100.202310310803/tools/bin/../lib/gcc/arm-none-eabi/11.3.1/../../../../arm-none-eabi/lib/thumb/v7e-m+dp/hard/libc_nano.a(libc_a-memset.o)
 .ARM.attributes
                0x00000000000003c3       0x32 /Applications/STM32CubeIDE.app/Contents/Eclipse/plugins/com.st.stm32cube.ide.mcu.externaltools.gnu-tools-for-stm32.11.3.rel1.macos64_1.1.100.202310310803/tools/bin/../lib/gcc/arm-none-eabi/11.3.1/../../../../arm-none-eabi/lib/thumb/v7e-m+dp/hard/libc_nano.a(libc_a-init.o)
 .ARM.attributes
                0x00000000000003f5       0x1e /Applications/STM32CubeIDE.app/Contents/Eclipse/plugins/com.st.stm32cube.ide.mcu.externaltools.gnu-tools-for-stm32.11.3.rel1.macos64_1.1.100.202310310803/tools/bin/../lib/gcc/arm-none-eabi/11.3.1/thumb/v7e-m+dp/hard/libgcc.a(_aeabi_uldivmod.o)
 .ARM.attributes
                0x0000000000000413       0x32 /Applications/STM32CubeIDE.app/Contents/Eclipse/plugins/com.st.stm32cube.ide.mcu.externaltools.gnu-tools-for-stm32.11.3.rel1.macos64_1.1.100.202310310803/tools/bin/../lib/gcc/arm-none-eabi/11.3.1/thumb/v7e-m+dp/hard/libgcc.a(_udivmoddi4.o)
 .ARM.attributes
                0x0000000000000445       0x1e /Applications/STM32CubeIDE.app/Contents/Eclipse/plugins/com.st.stm32cube.ide.mcu.externaltools.gnu-tools-for-stm32.11.3.rel1.macos64_1.1.100.202310310803/tools/bin/../lib/gcc/arm-none-eabi/11.3.1/thumb/v7e-m+dp/hard/libgcc.a(_dvmd_tls.o)
 .ARM.attributes
                0x0000000000000463       0x1e /Applications/STM32CubeIDE.app/Contents/Eclipse/plugins/com.st.stm32cube.ide.mcu.externaltools.gnu-tools-for-stm32.11.3.rel1.macos64_1.1.100.202310310803/tools/bin/../lib/gcc/arm-none-eabi/11.3.1/thumb/v7e-m+dp/hard/crtn.o
OUTPUT(Mux prototype.elf elf32-littlearm)
LOAD linker stubs
LOAD /Applications/STM32CubeIDE.app/Contents/Eclipse/plugins/com.st.stm32cube.ide.mcu.externaltools.gnu-tools-for-stm32.11.3.rel1.macos64_1.1.100.202310310803/tools/bin/../lib/gcc/arm-none-eabi/11.3.1/../../../../arm-none-eabi/lib/thumb/v7e-m+dp/hard/libc.a
LOAD /Applications/STM32CubeIDE.app/Contents/Eclipse/plugins/com.st.stm32cube.ide.mcu.externaltools.gnu-tools-for-stm32.11.3.rel1.macos64_1.1.100.202310310803/tools/bin/../lib/gcc/arm-none-eabi/11.3.1/../../../../arm-none-eabi/lib/thumb/v7e-m+dp/hard/libm.a
LOAD /Applications/STM32CubeIDE.app/Contents/Eclipse/plugins/com.st.stm32cube.ide.mcu.externaltools.gnu-tools-for-stm32.11.3.rel1.macos64_1.1.100.202310310803/tools/bin/../lib/gcc/arm-none-eabi/11.3.1/thumb/v7e-m+dp/hard/libgcc.a

.comment        0x0000000000000000       0x43
 .comment       0x0000000000000000       0x43 /Applications/STM32CubeIDE.app/Contents/Eclipse/plugins/com.st.stm32cube.ide.mcu.externaltools.gnu-tools-for-stm32.11.3.rel1.macos64_1.1.100.202310310803/tools/bin/../lib/gcc/arm-none-eabi/11.3.1/thumb/v7e-m+dp/hard/crtbegin.o
                                         0x44 (size before relaxing)
 .comment       0x0000000000000043       0x44 ./Core/Src/main.o
 .comment       0x0000000000000043       0x44 ./Core/Src/stm32f7xx_hal_msp.o
 .comment       0x0000000000000043       0x44 ./Core/Src/stm32f7xx_it.o
 .comment       0x0000000000000043       0x44 ./Core/Src/system_stm32f7xx.o
 .comment       0x0000000000000043       0x44 ./Drivers/STM32F7xx_HAL_Driver/Src/stm32f7xx_hal.o
 .comment       0x0000000000000043       0x44 ./Drivers/STM32F7xx_HAL_Driver/Src/stm32f7xx_hal_cortex.o
 .comment       0x0000000000000043       0x44 ./Drivers/STM32F7xx_HAL_Driver/Src/stm32f7xx_hal_eth.o
 .comment       0x0000000000000043       0x44 ./Drivers/STM32F7xx_HAL_Driver/Src/stm32f7xx_hal_gpio.o
 .comment       0x0000000000000043       0x44 ./Drivers/STM32F7xx_HAL_Driver/Src/stm32f7xx_hal_pcd.o
 .comment       0x0000000000000043       0x44 ./Drivers/STM32F7xx_HAL_Driver/Src/stm32f7xx_hal_pcd_ex.o
 .comment       0x0000000000000043       0x44 ./Drivers/STM32F7xx_HAL_Driver/Src/stm32f7xx_hal_pwr.o
 .comment       0x0000000000000043       0x44 ./Drivers/STM32F7xx_HAL_Driver/Src/stm32f7xx_hal_pwr_ex.o
 .comment       0x0000000000000043       0x44 ./Drivers/STM32F7xx_HAL_Driver/Src/stm32f7xx_hal_rcc.o
 .comment       0x0000000000000043       0x44 ./Drivers/STM32F7xx_HAL_Driver/Src/stm32f7xx_hal_rcc_ex.o
 .comment       0x0000000000000043       0x44 ./Drivers/STM32F7xx_HAL_Driver/Src/stm32f7xx_hal_uart.o
 .comment       0x0000000000000043       0x44 ./Drivers/STM32F7xx_HAL_Driver/Src/stm32f7xx_ll_usb.o

.debug_info     0x0000000000000000    0x114b2
 .debug_info    0x0000000000000000     0x1ca4 ./Core/Src/main.o
 .debug_info    0x0000000000001ca4     0x1b7f ./Core/Src/stm32f7xx_hal_msp.o
 .debug_info    0x0000000000003823      0x112 ./Core/Src/stm32f7xx_it.o
 .debug_info    0x0000000000003935      0x6ed ./Core/Src/system_stm32f7xx.o
 .debug_info    0x0000000000004022       0x23 ./Core/Startup/startup_stm32f767zitx.o
 .debug_info    0x0000000000004045      0xa4c ./Drivers/STM32F7xx_HAL_Driver/Src/stm32f7xx_hal.o
 .debug_info    0x0000000000004a91      0xf8b ./Drivers/STM32F7xx_HAL_Driver/Src/stm32f7xx_hal_cortex.o
 .debug_info    0x0000000000005a1c     0x2090 ./Drivers/STM32F7xx_HAL_Driver/Src/stm32f7xx_hal_eth.o
 .debug_info    0x0000000000007aac      0x6f3 ./Drivers/STM32F7xx_HAL_Driver/Src/stm32f7xx_hal_gpio.o
 .debug_info    0x000000000000819f     0x156c ./Drivers/STM32F7xx_HAL_Driver/Src/stm32f7xx_hal_pcd.o
 .debug_info    0x000000000000970b      0x78b ./Drivers/STM32F7xx_HAL_Driver/Src/stm32f7xx_hal_pcd_ex.o
 .debug_info    0x0000000000009e96      0x90e ./Drivers/STM32F7xx_HAL_Driver/Src/stm32f7xx_hal_pwr.o
 .debug_info    0x000000000000a7a4      0x8cd ./Drivers/STM32F7xx_HAL_Driver/Src/stm32f7xx_hal_pwr_ex.o
 .debug_info    0x000000000000b071      0x937 ./Drivers/STM32F7xx_HAL_Driver/Src/stm32f7xx_hal_rcc.o
 .debug_info    0x000000000000b9a8      0x6e1 ./Drivers/STM32F7xx_HAL_Driver/Src/stm32f7xx_hal_rcc_ex.o
 .debug_info    0x000000000000c089     0x3a6d ./Drivers/STM32F7xx_HAL_Driver/Src/stm32f7xx_hal_uart.o
 .debug_info    0x000000000000faf6     0x19bc ./Drivers/STM32F7xx_HAL_Driver/Src/stm32f7xx_ll_usb.o

.debug_abbrev   0x0000000000000000     0x23b7
 .debug_abbrev  0x0000000000000000      0x31a ./Core/Src/main.o
 .debug_abbrev  0x000000000000031a      0x27d ./Core/Src/stm32f7xx_hal_msp.o
 .debug_abbrev  0x0000000000000597       0x73 ./Core/Src/stm32f7xx_it.o
 .debug_abbrev  0x000000000000060a      0x13b ./Core/Src/system_stm32f7xx.o
 .debug_abbrev  0x0000000000000745       0x12 ./Core/Startup/startup_stm32f767zitx.o
 .debug_abbrev  0x0000000000000757      0x213 ./Drivers/STM32F7xx_HAL_Driver/Src/stm32f7xx_hal.o
 .debug_abbrev  0x000000000000096a      0x329 ./Drivers/STM32F7xx_HAL_Driver/Src/stm32f7xx_hal_cortex.o
 .debug_abbrev  0x0000000000000c93      0x2ec ./Drivers/STM32F7xx_HAL_Driver/Src/stm32f7xx_hal_eth.o
 .debug_abbrev  0x0000000000000f7f      0x1d4 ./Drivers/STM32F7xx_HAL_Driver/Src/stm32f7xx_hal_gpio.o
 .debug_abbrev  0x0000000000001153      0x2e7 ./Drivers/STM32F7xx_HAL_Driver/Src/stm32f7xx_hal_pcd.o
 .debug_abbrev  0x000000000000143a      0x1ca ./Drivers/STM32F7xx_HAL_Driver/Src/stm32f7xx_hal_pcd_ex.o
 .debug_abbrev  0x0000000000001604      0x1c5 ./Drivers/STM32F7xx_HAL_Driver/Src/stm32f7xx_hal_pwr.o
 .debug_abbrev  0x00000000000017c9      0x1d5 ./Drivers/STM32F7xx_HAL_Driver/Src/stm32f7xx_hal_pwr_ex.o
 .debug_abbrev  0x000000000000199e      0x2de ./Drivers/STM32F7xx_HAL_Driver/Src/stm32f7xx_hal_rcc.o
 .debug_abbrev  0x0000000000001c7c      0x1c9 ./Drivers/STM32F7xx_HAL_Driver/Src/stm32f7xx_hal_rcc_ex.o
 .debug_abbrev  0x0000000000001e45      0x2e6 ./Drivers/STM32F7xx_HAL_Driver/Src/stm32f7xx_hal_uart.o
 .debug_abbrev  0x000000000000212b      0x28c ./Drivers/STM32F7xx_HAL_Driver/Src/stm32f7xx_ll_usb.o

.debug_aranges  0x0000000000000000      0xd10
 .debug_aranges
                0x0000000000000000       0x50 ./Core/Src/main.o
 .debug_aranges
                0x0000000000000050       0x50 ./Core/Src/stm32f7xx_hal_msp.o
 .debug_aranges
                0x00000000000000a0       0x60 ./Core/Src/stm32f7xx_it.o
 .debug_aranges
                0x0000000000000100       0x28 ./Core/Src/system_stm32f7xx.o
 .debug_aranges
                0x0000000000000128       0x28 ./Core/Startup/startup_stm32f767zitx.o
 .debug_aranges
                0x0000000000000150      0x110 ./Drivers/STM32F7xx_HAL_Driver/Src/stm32f7xx_hal.o
 .debug_aranges
                0x0000000000000260      0x118 ./Drivers/STM32F7xx_HAL_Driver/Src/stm32f7xx_hal_cortex.o
 .debug_aranges
                0x0000000000000378      0x1e0 ./Drivers/STM32F7xx_HAL_Driver/Src/stm32f7xx_hal_eth.o
 .debug_aranges
                0x0000000000000558       0x58 ./Drivers/STM32F7xx_HAL_Driver/Src/stm32f7xx_hal_gpio.o
 .debug_aranges
                0x00000000000005b0      0x148 ./Drivers/STM32F7xx_HAL_Driver/Src/stm32f7xx_hal_pcd.o
 .debug_aranges
                0x00000000000006f8       0x48 ./Drivers/STM32F7xx_HAL_Driver/Src/stm32f7xx_hal_pcd_ex.o
 .debug_aranges
                0x0000000000000740       0xa0 ./Drivers/STM32F7xx_HAL_Driver/Src/stm32f7xx_hal_pwr.o
 .debug_aranges
                0x00000000000007e0       0x80 ./Drivers/STM32F7xx_HAL_Driver/Src/stm32f7xx_hal_pwr_ex.o
 .debug_aranges
                0x0000000000000860       0x88 ./Drivers/STM32F7xx_HAL_Driver/Src/stm32f7xx_hal_rcc.o
 .debug_aranges
                0x00000000000008e8       0x50 ./Drivers/STM32F7xx_HAL_Driver/Src/stm32f7xx_hal_rcc_ex.o
 .debug_aranges
                0x0000000000000938      0x230 ./Drivers/STM32F7xx_HAL_Driver/Src/stm32f7xx_hal_uart.o
 .debug_aranges
                0x0000000000000b68      0x1a8 ./Drivers/STM32F7xx_HAL_Driver/Src/stm32f7xx_ll_usb.o

.debug_rnglists
                0x0000000000000000      0xa0d
 .debug_rnglists
                0x0000000000000000       0x3a ./Core/Src/main.o
 .debug_rnglists
                0x000000000000003a       0x3a ./Core/Src/stm32f7xx_hal_msp.o
 .debug_rnglists
                0x0000000000000074       0x43 ./Core/Src/stm32f7xx_it.o
 .debug_rnglists
                0x00000000000000b7       0x1a ./Core/Src/system_stm32f7xx.o
 .debug_rnglists
                0x00000000000000d1       0x19 ./Core/Startup/startup_stm32f767zitx.o
 .debug_rnglists
                0x00000000000000ea       0xc7 ./Drivers/STM32F7xx_HAL_Driver/Src/stm32f7xx_hal.o
 .debug_rnglists
                0x00000000000001b1       0xce ./Drivers/STM32F7xx_HAL_Driver/Src/stm32f7xx_hal_cortex.o
 .debug_rnglists
                0x000000000000027f      0x17d ./Drivers/STM32F7xx_HAL_Driver/Src/stm32f7xx_hal_eth.o
 .debug_rnglists
                0x00000000000003fc       0x3f ./Drivers/STM32F7xx_HAL_Driver/Src/stm32f7xx_hal_gpio.o
 .debug_rnglists
                0x000000000000043b       0xfc ./Drivers/STM32F7xx_HAL_Driver/Src/stm32f7xx_hal_pcd.o
 .debug_rnglists
                0x0000000000000537       0x32 ./Drivers/STM32F7xx_HAL_Driver/Src/stm32f7xx_hal_pcd_ex.o
 .debug_rnglists
                0x0000000000000569       0x74 ./Drivers/STM32F7xx_HAL_Driver/Src/stm32f7xx_hal_pwr.o
 .debug_rnglists
                0x00000000000005dd       0x5f ./Drivers/STM32F7xx_HAL_Driver/Src/stm32f7xx_hal_pwr_ex.o
 .debug_rnglists
                0x000000000000063c       0x67 ./Drivers/STM32F7xx_HAL_Driver/Src/stm32f7xx_hal_rcc.o
 .debug_rnglists
                0x00000000000006a3       0x3c ./Drivers/STM32F7xx_HAL_Driver/Src/stm32f7xx_hal_rcc_ex.o
 .debug_rnglists
                0x00000000000006df      0x1e0 ./Drivers/STM32F7xx_HAL_Driver/Src/stm32f7xx_hal_uart.o
 .debug_rnglists
                0x00000000000008bf      0x14e ./Drivers/STM32F7xx_HAL_Driver/Src/stm32f7xx_ll_usb.o

.debug_macro    0x0000000000000000    0x28569
 .debug_macro   0x0000000000000000      0x2da ./Core/Src/main.o
 .debug_macro   0x00000000000002da      0xac0 ./Core/Src/main.o
 .debug_macro   0x0000000000000d9a      0x299 ./Core/Src/main.o
 .debug_macro   0x0000000000001033       0x2e ./Core/Src/main.o
 .debug_macro   0x0000000000001061       0x3b ./Core/Src/main.o
 .debug_macro   0x000000000000109c       0x22 ./Core/Src/main.o
 .debug_macro   0x00000000000010be       0x8e ./Core/Src/main.o
 .debug_macro   0x000000000000114c       0x51 ./Core/Src/main.o
 .debug_macro   0x000000000000119d      0x103 ./Core/Src/main.o
 .debug_macro   0x00000000000012a0       0x6a ./Core/Src/main.o
 .debug_macro   0x000000000000130a      0x1df ./Core/Src/main.o
 .debug_macro   0x00000000000014e9       0x1c ./Core/Src/main.o
 .debug_macro   0x0000000000001505       0x22 ./Core/Src/main.o
 .debug_macro   0x0000000000001527       0xd9 ./Core/Src/main.o
 .debug_macro   0x0000000000001600     0x12cd ./Core/Src/main.o
 .debug_macro   0x00000000000028cd      0x11f ./Core/Src/main.o
 .debug_macro   0x00000000000029ec       0x19 ./Core/Src/main.o
 .debug_macro   0x0000000000002a05    0x1aa0d ./Core/Src/main.o
 .debug_macro   0x000000000001d412       0x6d ./Core/Src/main.o
 .debug_macro   0x000000000001d47f     0x3749 ./Core/Src/main.o
 .debug_macro   0x0000000000020bc8      0x174 ./Core/Src/main.o
 .debug_macro   0x0000000000020d3c       0x63 ./Core/Src/main.o
 .debug_macro   0x0000000000020d9f     0x1add ./Core/Src/main.o
 .debug_macro   0x000000000002287c      0x6c4 ./Core/Src/main.o
 .debug_macro   0x0000000000022f40      0x18b ./Core/Src/main.o
 .debug_macro   0x00000000000230cb      0x115 ./Core/Src/main.o
 .debug_macro   0x00000000000231e0      0x26e ./Core/Src/main.o
 .debug_macro   0x000000000002344e       0xa5 ./Core/Src/main.o
 .debug_macro   0x00000000000234f3      0x24f ./Core/Src/main.o
 .debug_macro   0x0000000000023742       0x71 ./Core/Src/main.o
 .debug_macro   0x00000000000237b3       0x58 ./Core/Src/main.o
 .debug_macro   0x000000000002380b      0x236 ./Core/Src/main.o
 .debug_macro   0x0000000000023a41      0xd44 ./Core/Src/main.o
 .debug_macro   0x0000000000024785      0x14e ./Core/Src/main.o
 .debug_macro   0x00000000000248d3      0x3db ./Core/Src/main.o
 .debug_macro   0x0000000000024cae       0x12 ./Core/Src/main.o
 .debug_macro   0x0000000000024cc0      0x22c ./Core/Src/main.o
 .debug_macro   0x0000000000024eec       0x61 ./Core/Src/main.o
 .debug_macro   0x0000000000024f4d       0xa5 ./Core/Src/main.o
 .debug_macro   0x0000000000024ff2      0x12e ./Core/Src/main.o
 .debug_macro   0x0000000000025120      0x108 ./Core/Src/main.o
 .debug_macro   0x0000000000025228       0x35 ./Core/Src/main.o
 .debug_macro   0x000000000002525d      0x5ba ./Core/Src/main.o
 .debug_macro   0x0000000000025817       0x44 ./Core/Src/main.o
 .debug_macro   0x000000000002585b      0x256 ./Core/Src/main.o
 .debug_macro   0x0000000000025ab1       0xba ./Core/Src/main.o
 .debug_macro   0x0000000000025b6b      0x15b ./Core/Src/main.o
 .debug_macro   0x0000000000025cc6      0x13c ./Core/Src/main.o
 .debug_macro   0x0000000000025e02       0x61 ./Core/Src/main.o
 .debug_macro   0x0000000000025e63       0x29 ./Core/Src/main.o
 .debug_macro   0x0000000000025e8c       0x43 ./Core/Src/main.o
 .debug_macro   0x0000000000025ecf       0x34 ./Core/Src/main.o
 .debug_macro   0x0000000000025f03       0x16 ./Core/Src/main.o
 .debug_macro   0x0000000000025f19       0x43 ./Core/Src/main.o
 .debug_macro   0x0000000000025f5c       0x34 ./Core/Src/main.o
 .debug_macro   0x0000000000025f90       0x10 ./Core/Src/main.o
 .debug_macro   0x0000000000025fa0       0x58 ./Core/Src/main.o
 .debug_macro   0x0000000000025ff8       0x8e ./Core/Src/main.o
 .debug_macro   0x0000000000026086       0x1c ./Core/Src/main.o
 .debug_macro   0x00000000000260a2      0x177 ./Core/Src/main.o
 .debug_macro   0x0000000000026219      0x369 ./Core/Src/main.o
 .debug_macro   0x0000000000026582       0x10 ./Core/Src/main.o
 .debug_macro   0x0000000000026592       0x35 ./Core/Src/main.o
 .debug_macro   0x00000000000265c7       0x20 ./Core/Src/main.o
 .debug_macro   0x00000000000265e7      0x20c ./Core/Src/stm32f7xx_hal_msp.o
 .debug_macro   0x00000000000267f3      0x216 ./Core/Src/stm32f7xx_it.o
 .debug_macro   0x0000000000026a09      0x1fd ./Core/Src/system_stm32f7xx.o
 .debug_macro   0x0000000000026c06      0x221 ./Drivers/STM32F7xx_HAL_Driver/Src/stm32f7xx_hal.o
 .debug_macro   0x0000000000026e27      0x1fd ./Drivers/STM32F7xx_HAL_Driver/Src/stm32f7xx_hal_cortex.o
 .debug_macro   0x0000000000027024      0x2d7 ./Drivers/STM32F7xx_HAL_Driver/Src/stm32f7xx_hal_eth.o
 .debug_macro   0x00000000000272fb      0x203 ./Drivers/STM32F7xx_HAL_Driver/Src/stm32f7xx_hal_gpio.o
 .debug_macro   0x00000000000274fe      0x209 ./Drivers/STM32F7xx_HAL_Driver/Src/stm32f7xx_hal_pcd.o
 .debug_macro   0x0000000000027707      0x1fd ./Drivers/STM32F7xx_HAL_Driver/Src/stm32f7xx_hal_pcd_ex.o
 .debug_macro   0x0000000000027904      0x21b ./Drivers/STM32F7xx_HAL_Driver/Src/stm32f7xx_hal_pwr.o
 .debug_macro   0x0000000000027b1f      0x215 ./Drivers/STM32F7xx_HAL_Driver/Src/stm32f7xx_hal_pwr_ex.o
 .debug_macro   0x0000000000027d34      0x221 ./Drivers/STM32F7xx_HAL_Driver/Src/stm32f7xx_hal_rcc.o
 .debug_macro   0x0000000000027f55      0x1fd ./Drivers/STM32F7xx_HAL_Driver/Src/stm32f7xx_hal_rcc_ex.o
 .debug_macro   0x0000000000028152      0x21a ./Drivers/STM32F7xx_HAL_Driver/Src/stm32f7xx_hal_uart.o
 .debug_macro   0x000000000002836c      0x1fd ./Drivers/STM32F7xx_HAL_Driver/Src/stm32f7xx_ll_usb.o

.debug_line     0x0000000000000000     0xf94c
 .debug_line    0x0000000000000000      0xa66 ./Core/Src/main.o
 .debug_line    0x0000000000000a66      0x892 ./Core/Src/stm32f7xx_hal_msp.o
 .debug_line    0x00000000000012f8      0x7fe ./Core/Src/stm32f7xx_it.o
 .debug_line    0x0000000000001af6      0x7bb ./Core/Src/system_stm32f7xx.o
 .debug_line    0x00000000000022b1       0x7a ./Core/Startup/startup_stm32f767zitx.o
 .debug_line    0x000000000000232b      0xa7c ./Drivers/STM32F7xx_HAL_Driver/Src/stm32f7xx_hal.o
 .debug_line    0x0000000000002da7      0xcd2 ./Drivers/STM32F7xx_HAL_Driver/Src/stm32f7xx_hal_cortex.o
 .debug_line    0x0000000000003a79     0x1992 ./Drivers/STM32F7xx_HAL_Driver/Src/stm32f7xx_hal_eth.o
 .debug_line    0x000000000000540b      0xbc0 ./Drivers/STM32F7xx_HAL_Driver/Src/stm32f7xx_hal_gpio.o
 .debug_line    0x0000000000005fcb     0x149b ./Drivers/STM32F7xx_HAL_Driver/Src/stm32f7xx_hal_pcd.o
 .debug_line    0x0000000000007466      0x84d ./Drivers/STM32F7xx_HAL_Driver/Src/stm32f7xx_hal_pcd_ex.o
 .debug_line    0x0000000000007cb3      0x950 ./Drivers/STM32F7xx_HAL_Driver/Src/stm32f7xx_hal_pwr.o
 .debug_line    0x0000000000008603      0x9b8 ./Drivers/STM32F7xx_HAL_Driver/Src/stm32f7xx_hal_pwr_ex.o
 .debug_line    0x0000000000008fbb      0xebb ./Drivers/STM32F7xx_HAL_Driver/Src/stm32f7xx_hal_rcc.o
 .debug_line    0x0000000000009e76      0xe92 ./Drivers/STM32F7xx_HAL_Driver/Src/stm32f7xx_hal_rcc_ex.o
 .debug_line    0x000000000000ad08     0x313c ./Drivers/STM32F7xx_HAL_Driver/Src/stm32f7xx_hal_uart.o
 .debug_line    0x000000000000de44     0x1b08 ./Drivers/STM32F7xx_HAL_Driver/Src/stm32f7xx_ll_usb.o

.debug_str      0x0000000000000000    0xf96b4
 .debug_str     0x0000000000000000    0xf5229 ./Core/Src/main.o
                                      0xf59fe (size before relaxing)
 .debug_str     0x00000000000f5229      0x33d ./Core/Src/stm32f7xx_hal_msp.o
                                      0xf287c (size before relaxing)
 .debug_str     0x00000000000f5566       0xc9 ./Core/Src/stm32f7xx_it.o
                                      0xf168b (size before relaxing)
 .debug_str     0x00000000000f562f      0x190 ./Core/Src/system_stm32f7xx.o
                                      0xf13b3 (size before relaxing)
 .debug_str     0x00000000000f57bf       0x34 ./Core/Startup/startup_stm32f767zitx.o
                                         0x76 (size before relaxing)
 .debug_str     0x00000000000f57f3      0xa90 ./Drivers/STM32F7xx_HAL_Driver/Src/stm32f7xx_hal.o
                                      0xf1df3 (size before relaxing)
 .debug_str     0x00000000000f6283      0x33e ./Drivers/STM32F7xx_HAL_Driver/Src/stm32f7xx_hal_cortex.o
                                      0xf1da3 (size before relaxing)
 .debug_str     0x00000000000f65c1     0x11c7 ./Drivers/STM32F7xx_HAL_Driver/Src/stm32f7xx_hal_eth.o
                                      0xf2b80 (size before relaxing)
 .debug_str     0x00000000000f7788       0xe8 ./Drivers/STM32F7xx_HAL_Driver/Src/stm32f7xx_hal_gpio.o
                                      0xf1471 (size before relaxing)
 .debug_str     0x00000000000f7870      0x81e ./Drivers/STM32F7xx_HAL_Driver/Src/stm32f7xx_hal_pcd.o
                                      0xf1dd0 (size before relaxing)
 .debug_str     0x00000000000f808e      0x12d ./Drivers/STM32F7xx_HAL_Driver/Src/stm32f7xx_hal_pcd_ex.o
                                      0xf16d1 (size before relaxing)
 .debug_str     0x00000000000f81bb      0x2ac ./Drivers/STM32F7xx_HAL_Driver/Src/stm32f7xx_hal_pwr.o
                                      0xf1654 (size before relaxing)
 .debug_str     0x00000000000f8467      0x1bd ./Drivers/STM32F7xx_HAL_Driver/Src/stm32f7xx_hal_pwr_ex.o
                                      0xf1622 (size before relaxing)
 .debug_str     0x00000000000f8624      0x24c ./Drivers/STM32F7xx_HAL_Driver/Src/stm32f7xx_hal_rcc.o
                                      0xf172e (size before relaxing)
 .debug_str     0x00000000000f8870      0x13f ./Drivers/STM32F7xx_HAL_Driver/Src/stm32f7xx_hal_rcc_ex.o
                                      0xf1691 (size before relaxing)
 .debug_str     0x00000000000f89af      0x8aa ./Drivers/STM32F7xx_HAL_Driver/Src/stm32f7xx_hal_uart.o
                                      0xf207c (size before relaxing)
 .debug_str     0x00000000000f9259      0x45b ./Drivers/STM32F7xx_HAL_Driver/Src/stm32f7xx_ll_usb.o
                                      0xf1c56 (size before relaxing)

.debug_frame    0x0000000000000000     0x3654
 .debug_frame   0x0000000000000000       0xe4 ./Core/Src/main.o
 .debug_frame   0x00000000000000e4      0x118 ./Core/Src/stm32f7xx_hal_msp.o
 .debug_frame   0x00000000000001fc      0x104 ./Core/Src/stm32f7xx_it.o
 .debug_frame   0x0000000000000300       0x58 ./Core/Src/system_stm32f7xx.o
 .debug_frame   0x0000000000000358      0x3f4 ./Drivers/STM32F7xx_HAL_Driver/Src/stm32f7xx_hal.o
 .debug_frame   0x000000000000074c      0x498 ./Drivers/STM32F7xx_HAL_Driver/Src/stm32f7xx_hal_cortex.o
 .debug_frame   0x0000000000000be4      0x898 ./Drivers/STM32F7xx_HAL_Driver/Src/stm32f7xx_hal_eth.o
 .debug_frame   0x000000000000147c      0x14c ./Drivers/STM32F7xx_HAL_Driver/Src/stm32f7xx_hal_gpio.o
 .debug_frame   0x00000000000015c8      0x5bc ./Drivers/STM32F7xx_HAL_Driver/Src/stm32f7xx_hal_pcd.o
 .debug_frame   0x0000000000001b84      0x100 ./Drivers/STM32F7xx_HAL_Driver/Src/stm32f7xx_hal_pcd_ex.o
 .debug_frame   0x0000000000001c84      0x254 ./Drivers/STM32F7xx_HAL_Driver/Src/stm32f7xx_hal_pwr.o
 .debug_frame   0x0000000000001ed8      0x1c8 ./Drivers/STM32F7xx_HAL_Driver/Src/stm32f7xx_hal_pwr_ex.o
 .debug_frame   0x00000000000020a0      0x1f8 ./Drivers/STM32F7xx_HAL_Driver/Src/stm32f7xx_hal_rcc.o
 .debug_frame   0x0000000000002298      0x118 ./Drivers/STM32F7xx_HAL_Driver/Src/stm32f7xx_hal_rcc_ex.o
 .debug_frame   0x00000000000023b0      0xa10 ./Drivers/STM32F7xx_HAL_Driver/Src/stm32f7xx_hal_uart.o
 .debug_frame   0x0000000000002dc0      0x7e8 ./Drivers/STM32F7xx_HAL_Driver/Src/stm32f7xx_ll_usb.o
 .debug_frame   0x00000000000035a8       0x20 /Applications/STM32CubeIDE.app/Contents/Eclipse/plugins/com.st.stm32cube.ide.mcu.externaltools.gnu-tools-for-stm32.11.3.rel1.macos64_1.1.100.202310310803/tools/bin/../lib/gcc/arm-none-eabi/11.3.1/../../../../arm-none-eabi/lib/thumb/v7e-m+dp/hard/libc_nano.a(libc_a-memset.o)
 .debug_frame   0x00000000000035c8       0x2c /Applications/STM32CubeIDE.app/Contents/Eclipse/plugins/com.st.stm32cube.ide.mcu.externaltools.gnu-tools-for-stm32.11.3.rel1.macos64_1.1.100.202310310803/tools/bin/../lib/gcc/arm-none-eabi/11.3.1/../../../../arm-none-eabi/lib/thumb/v7e-m+dp/hard/libc_nano.a(libc_a-init.o)
 .debug_frame   0x00000000000035f4       0x2c /Applications/STM32CubeIDE.app/Contents/Eclipse/plugins/com.st.stm32cube.ide.mcu.externaltools.gnu-tools-for-stm32.11.3.rel1.macos64_1.1.100.202310310803/tools/bin/../lib/gcc/arm-none-eabi/11.3.1/thumb/v7e-m+dp/hard/libgcc.a(_aeabi_uldivmod.o)
 .debug_frame   0x0000000000003620       0x34 /Applications/STM32CubeIDE.app/Contents/Eclipse/plugins/com.st.stm32cube.ide.mcu.externaltools.gnu-tools-for-stm32.11.3.rel1.macos64_1.1.100.202310310803/tools/bin/../lib/gcc/arm-none-eabi/11.3.1/thumb/v7e-m+dp/hard/libgcc.a(_udivmoddi4.o)

.debug_line_str
                0x0000000000000000       0x6a
 .debug_line_str
                0x0000000000000000       0x6a ./Core/Startup/startup_stm32f767zitx.o
                                         0x82 (size before relaxing)
